// Jest Snapshot v1, https://goo.gl/fbAQLP

exports[`GeoprocessingStack - client only should create a valid stack 1`] = `
Object {
  "Outputs": Object {
    "GpRestApiEndpointBF901973": Object {
      "Value": Object {
        "Fn::Join": Array [
          "",
          Array [
            "https://",
            Object {
              "Ref": "GpRestApi3C403820",
            },
            ".execute-api.us-west-1.",
            Object {
              "Ref": "AWS::URLSuffix",
            },
            "/",
            Object {
              "Ref": "GpRestApiDeploymentStageprodFDC6A6D1",
            },
            "/",
          ],
        ],
      },
    },
  },
  "Parameters": Object {
    "AssetParameters1ebc9d3ac2033816c4abb63e4afd69d350b4aba8704cc9236b82ea520b74f4b0ArtifactHash4A934180": Object {
      "Description": "Artifact hash for asset \\"1ebc9d3ac2033816c4abb63e4afd69d350b4aba8704cc9236b82ea520b74f4b0\\"",
      "Type": "String",
    },
    "AssetParameters1ebc9d3ac2033816c4abb63e4afd69d350b4aba8704cc9236b82ea520b74f4b0S3Bucket5EA66AEF": Object {
      "Description": "S3 bucket for asset \\"1ebc9d3ac2033816c4abb63e4afd69d350b4aba8704cc9236b82ea520b74f4b0\\"",
      "Type": "String",
    },
    "AssetParameters1ebc9d3ac2033816c4abb63e4afd69d350b4aba8704cc9236b82ea520b74f4b0S3VersionKeyD171B821": Object {
      "Description": "S3 key for asset version \\"1ebc9d3ac2033816c4abb63e4afd69d350b4aba8704cc9236b82ea520b74f4b0\\"",
      "Type": "String",
    },
    "AssetParametersc24b999656e4fe6c609c31bae56a1cf4717a405619c3aa6ba1bc686b8c2c86cfArtifactHash85F58E48": Object {
      "Description": "Artifact hash for asset \\"c24b999656e4fe6c609c31bae56a1cf4717a405619c3aa6ba1bc686b8c2c86cf\\"",
      "Type": "String",
    },
    "AssetParametersc24b999656e4fe6c609c31bae56a1cf4717a405619c3aa6ba1bc686b8c2c86cfS3Bucket55EFA30C": Object {
      "Description": "S3 bucket for asset \\"c24b999656e4fe6c609c31bae56a1cf4717a405619c3aa6ba1bc686b8c2c86cf\\"",
      "Type": "String",
    },
    "AssetParametersc24b999656e4fe6c609c31bae56a1cf4717a405619c3aa6ba1bc686b8c2c86cfS3VersionKey60329B70": Object {
      "Description": "S3 key for asset version \\"c24b999656e4fe6c609c31bae56a1cf4717a405619c3aa6ba1bc686b8c2c86cf\\"",
      "Type": "String",
    },
    "AssetParameterse9882ab123687399f934da0d45effe675ecc8ce13b40cb946f3e1d6141fe8d68ArtifactHashD9A515C3": Object {
      "Description": "Artifact hash for asset \\"e9882ab123687399f934da0d45effe675ecc8ce13b40cb946f3e1d6141fe8d68\\"",
      "Type": "String",
    },
    "AssetParameterse9882ab123687399f934da0d45effe675ecc8ce13b40cb946f3e1d6141fe8d68S3BucketAEADE8C7": Object {
      "Description": "S3 bucket for asset \\"e9882ab123687399f934da0d45effe675ecc8ce13b40cb946f3e1d6141fe8d68\\"",
      "Type": "String",
    },
    "AssetParameterse9882ab123687399f934da0d45effe675ecc8ce13b40cb946f3e1d6141fe8d68S3VersionKeyE415415F": Object {
      "Description": "S3 key for asset version \\"e9882ab123687399f934da0d45effe675ecc8ce13b40cb946f3e1d6141fe8d68\\"",
      "Type": "String",
    },
  },
  "Resources": Object {
    "ClientBucketB0EC996F": Object {
      "DeletionPolicy": "Retain",
      "Properties": Object {
        "BucketName": "gp-client-only-client",
        "WebsiteConfiguration": Object {
          "IndexDocument": "index.html",
        },
      },
      "Type": "AWS::S3::Bucket",
      "UpdateReplacePolicy": "Retain",
    },
    "ClientBucketDeployAwsCliLayer500B9061": Object {
      "Properties": Object {
        "Content": Object {
          "S3Bucket": Object {
            "Ref": "AssetParameterse9882ab123687399f934da0d45effe675ecc8ce13b40cb946f3e1d6141fe8d68S3BucketAEADE8C7",
          },
          "S3Key": Object {
            "Fn::Join": Array [
              "",
              Array [
                Object {
                  "Fn::Select": Array [
                    0,
                    Object {
                      "Fn::Split": Array [
                        "||",
                        Object {
                          "Ref": "AssetParameterse9882ab123687399f934da0d45effe675ecc8ce13b40cb946f3e1d6141fe8d68S3VersionKeyE415415F",
                        },
                      ],
                    },
                  ],
                },
                Object {
                  "Fn::Select": Array [
                    1,
                    Object {
                      "Fn::Split": Array [
                        "||",
                        Object {
                          "Ref": "AssetParameterse9882ab123687399f934da0d45effe675ecc8ce13b40cb946f3e1d6141fe8d68S3VersionKeyE415415F",
                        },
                      ],
                    },
                  ],
                },
              ],
            ],
          },
        },
        "Description": "/opt/awscli/aws",
      },
      "Type": "AWS::Lambda::LayerVersion",
    },
    "ClientBucketDeployCustomResource05C3711D": Object {
      "DeletionPolicy": "Delete",
      "Properties": Object {
        "DestinationBucketName": Object {
          "Ref": "ClientBucketB0EC996F",
        },
        "DistributionId": Object {
          "Ref": "ClientDistributionCFDistribution5E9F190B",
        },
        "DistributionPaths": Array [
          "/*",
        ],
        "Prune": true,
        "ServiceToken": Object {
          "Fn::GetAtt": Array [
            "CustomCDKBucketDeployment8693BB64968944B69AAFB0CC9EB8756C81C01536",
            "Arn",
          ],
        },
        "SourceBucketNames": Array [
          Object {
            "Ref": "AssetParameters1ebc9d3ac2033816c4abb63e4afd69d350b4aba8704cc9236b82ea520b74f4b0S3Bucket5EA66AEF",
          },
        ],
        "SourceObjectKeys": Array [
          Object {
            "Fn::Join": Array [
              "",
              Array [
                Object {
                  "Fn::Select": Array [
                    0,
                    Object {
                      "Fn::Split": Array [
                        "||",
                        Object {
                          "Ref": "AssetParameters1ebc9d3ac2033816c4abb63e4afd69d350b4aba8704cc9236b82ea520b74f4b0S3VersionKeyD171B821",
                        },
                      ],
                    },
                  ],
                },
                Object {
                  "Fn::Select": Array [
                    1,
                    Object {
                      "Fn::Split": Array [
                        "||",
                        Object {
                          "Ref": "AssetParameters1ebc9d3ac2033816c4abb63e4afd69d350b4aba8704cc9236b82ea520b74f4b0S3VersionKeyD171B821",
                        },
                      ],
                    },
                  ],
                },
              ],
            ],
          },
        ],
        "SystemMetadata": Object {
          "cache-control": "public, max-age=31536000",
        },
      },
      "Type": "Custom::CDKBucketDeployment",
      "UpdateReplacePolicy": "Delete",
    },
    "ClientBucketPolicy9ED057B2": Object {
      "Properties": Object {
        "Bucket": Object {
          "Ref": "ClientBucketB0EC996F",
        },
        "PolicyDocument": Object {
          "Statement": Array [
            Object {
              "Action": "s3:GetObject",
              "Effect": "Allow",
              "Principal": "*",
              "Resource": Object {
                "Fn::Join": Array [
                  "",
                  Array [
                    Object {
                      "Fn::GetAtt": Array [
                        "ClientBucketB0EC996F",
                        "Arn",
                      ],
                    },
                    "/*",
                  ],
                ],
              },
            },
          ],
          "Version": "2012-10-17",
        },
      },
      "Type": "AWS::S3::BucketPolicy",
    },
    "ClientDistributionCFDistribution5E9F190B": Object {
      "Properties": Object {
        "DistributionConfig": Object {
          "Comment": "gp-client-only",
          "DefaultCacheBehavior": Object {
            "AllowedMethods": Array [
              "GET",
              "HEAD",
            ],
            "CachedMethods": Array [
              "GET",
              "HEAD",
            ],
            "Compress": true,
            "ForwardedValues": Object {
              "Cookies": Object {
                "Forward": "none",
              },
              "QueryString": false,
            },
            "TargetOriginId": "origin1",
            "ViewerProtocolPolicy": "redirect-to-https",
          },
          "DefaultRootObject": "index.html",
          "Enabled": true,
          "HttpVersion": "http2",
          "IPV6Enabled": true,
          "Origins": Array [
            Object {
              "ConnectionAttempts": 3,
              "ConnectionTimeout": 10,
              "DomainName": Object {
                "Fn::GetAtt": Array [
                  "ClientBucketB0EC996F",
                  "RegionalDomainName",
                ],
              },
              "Id": "origin1",
              "S3OriginConfig": Object {},
            },
          ],
          "PriceClass": "PriceClass_100",
          "ViewerCertificate": Object {
            "CloudFrontDefaultCertificate": true,
          },
        },
      },
      "Type": "AWS::CloudFront::Distribution",
    },
    "CustomCDKBucketDeployment8693BB64968944B69AAFB0CC9EB8756C81C01536": Object {
      "DependsOn": Array [
        "CustomCDKBucketDeployment8693BB64968944B69AAFB0CC9EB8756CServiceRoleDefaultPolicy88902FDF",
        "CustomCDKBucketDeployment8693BB64968944B69AAFB0CC9EB8756CServiceRole89A01265",
      ],
      "Properties": Object {
        "Code": Object {
          "S3Bucket": Object {
            "Ref": "AssetParametersc24b999656e4fe6c609c31bae56a1cf4717a405619c3aa6ba1bc686b8c2c86cfS3Bucket55EFA30C",
          },
          "S3Key": Object {
            "Fn::Join": Array [
              "",
              Array [
                Object {
                  "Fn::Select": Array [
                    0,
                    Object {
                      "Fn::Split": Array [
                        "||",
                        Object {
                          "Ref": "AssetParametersc24b999656e4fe6c609c31bae56a1cf4717a405619c3aa6ba1bc686b8c2c86cfS3VersionKey60329B70",
                        },
                      ],
                    },
                  ],
                },
                Object {
                  "Fn::Select": Array [
                    1,
                    Object {
                      "Fn::Split": Array [
                        "||",
                        Object {
                          "Ref": "AssetParametersc24b999656e4fe6c609c31bae56a1cf4717a405619c3aa6ba1bc686b8c2c86cfS3VersionKey60329B70",
                        },
                      ],
                    },
                  ],
                },
              ],
            ],
          },
        },
        "Handler": "index.handler",
        "Layers": Array [
          Object {
            "Ref": "ClientBucketDeployAwsCliLayer500B9061",
          },
        ],
        "Role": Object {
          "Fn::GetAtt": Array [
            "CustomCDKBucketDeployment8693BB64968944B69AAFB0CC9EB8756CServiceRole89A01265",
            "Arn",
          ],
        },
        "Runtime": "python3.6",
        "Timeout": 900,
      },
      "Type": "AWS::Lambda::Function",
    },
    "CustomCDKBucketDeployment8693BB64968944B69AAFB0CC9EB8756CServiceRole89A01265": Object {
      "Properties": Object {
        "AssumeRolePolicyDocument": Object {
          "Statement": Array [
            Object {
              "Action": "sts:AssumeRole",
              "Effect": "Allow",
              "Principal": Object {
                "Service": "lambda.amazonaws.com",
              },
            },
          ],
          "Version": "2012-10-17",
        },
        "ManagedPolicyArns": Array [
          Object {
            "Fn::Join": Array [
              "",
              Array [
                "arn:",
                Object {
                  "Ref": "AWS::Partition",
                },
                ":iam::aws:policy/service-role/AWSLambdaBasicExecutionRole",
              ],
            ],
          },
        ],
      },
      "Type": "AWS::IAM::Role",
    },
    "CustomCDKBucketDeployment8693BB64968944B69AAFB0CC9EB8756CServiceRoleDefaultPolicy88902FDF": Object {
      "Properties": Object {
        "PolicyDocument": Object {
          "Statement": Array [
            Object {
              "Action": Array [
                "s3:GetObject*",
                "s3:GetBucket*",
                "s3:List*",
              ],
              "Effect": "Allow",
              "Resource": Array [
                Object {
                  "Fn::Join": Array [
                    "",
                    Array [
                      "arn:",
                      Object {
                        "Ref": "AWS::Partition",
                      },
                      ":s3:::",
                      Object {
                        "Ref": "AssetParameters1ebc9d3ac2033816c4abb63e4afd69d350b4aba8704cc9236b82ea520b74f4b0S3Bucket5EA66AEF",
                      },
                    ],
                  ],
                },
                Object {
                  "Fn::Join": Array [
                    "",
                    Array [
                      "arn:",
                      Object {
                        "Ref": "AWS::Partition",
                      },
                      ":s3:::",
                      Object {
                        "Ref": "AssetParameters1ebc9d3ac2033816c4abb63e4afd69d350b4aba8704cc9236b82ea520b74f4b0S3Bucket5EA66AEF",
                      },
                      "/*",
                    ],
                  ],
                },
              ],
            },
            Object {
              "Action": Array [
                "s3:GetObject*",
                "s3:GetBucket*",
                "s3:List*",
                "s3:DeleteObject*",
                "s3:PutObject*",
                "s3:Abort*",
              ],
              "Effect": "Allow",
              "Resource": Array [
                Object {
                  "Fn::GetAtt": Array [
                    "ClientBucketB0EC996F",
                    "Arn",
                  ],
                },
                Object {
                  "Fn::Join": Array [
                    "",
                    Array [
                      Object {
                        "Fn::GetAtt": Array [
                          "ClientBucketB0EC996F",
                          "Arn",
                        ],
                      },
                      "/*",
                    ],
                  ],
                },
              ],
            },
            Object {
              "Action": Array [
                "cloudfront:GetInvalidation",
                "cloudfront:CreateInvalidation",
              ],
              "Effect": "Allow",
              "Resource": "*",
            },
          ],
          "Version": "2012-10-17",
        },
        "PolicyName": "CustomCDKBucketDeployment8693BB64968944B69AAFB0CC9EB8756CServiceRoleDefaultPolicy88902FDF",
        "Roles": Array [
          Object {
            "Ref": "CustomCDKBucketDeployment8693BB64968944B69AAFB0CC9EB8756CServiceRole89A01265",
          },
        ],
      },
      "Type": "AWS::IAM::Policy",
    },
    "GpEstimatesTableBB595885": Object {
      "DeletionPolicy": "Delete",
      "Properties": Object {
        "AttributeDefinitions": Array [
          Object {
            "AttributeName": "service",
            "AttributeType": "S",
          },
        ],
        "BillingMode": "PAY_PER_REQUEST",
        "KeySchema": Array [
          Object {
            "AttributeName": "service",
            "KeyType": "HASH",
          },
        ],
        "TableName": "gp-client-only-estimates",
      },
      "Type": "AWS::DynamoDB::Table",
      "UpdateReplacePolicy": "Delete",
    },
    "GpMetadataHandler5D0745A7": Object {
      "DependsOn": Array [
        "GpMetadataHandlerServiceRoleDefaultPolicyD81D593B",
        "GpMetadataHandlerServiceRole7107682D",
      ],
      "Properties": Object {
        "Code": Object {
          "S3Bucket": Object {
            "Ref": "AssetParameters1ebc9d3ac2033816c4abb63e4afd69d350b4aba8704cc9236b82ea520b74f4b0S3Bucket5EA66AEF",
          },
          "S3Key": Object {
            "Fn::Join": Array [
              "",
              Array [
                Object {
                  "Fn::Select": Array [
                    0,
                    Object {
                      "Fn::Split": Array [
                        "||",
                        Object {
                          "Ref": "AssetParameters1ebc9d3ac2033816c4abb63e4afd69d350b4aba8704cc9236b82ea520b74f4b0S3VersionKeyD171B821",
                        },
                      ],
                    },
                  ],
                },
                Object {
                  "Fn::Select": Array [
                    1,
                    Object {
                      "Fn::Split": Array [
                        "||",
                        Object {
                          "Ref": "AssetParameters1ebc9d3ac2033816c4abb63e4afd69d350b4aba8704cc9236b82ea520b74f4b0S3VersionKeyD171B821",
                        },
                      ],
                    },
                  ],
                },
              ],
            ],
          },
        },
        "FunctionName": "gp-client-only-metadata",
        "Handler": "serviceHandlers.projectMetadata",
        "Role": Object {
          "Fn::GetAtt": Array [
            "GpMetadataHandlerServiceRole7107682D",
            "Arn",
          ],
        },
        "Runtime": "nodejs14.x",
      },
      "Type": "AWS::Lambda::Function",
    },
    "GpMetadataHandlerServiceRole7107682D": Object {
      "Properties": Object {
        "AssumeRolePolicyDocument": Object {
          "Statement": Array [
            Object {
              "Action": "sts:AssumeRole",
              "Effect": "Allow",
              "Principal": Object {
                "Service": "lambda.amazonaws.com",
              },
            },
          ],
          "Version": "2012-10-17",
        },
        "ManagedPolicyArns": Array [
          Object {
            "Fn::Join": Array [
              "",
              Array [
                "arn:",
                Object {
                  "Ref": "AWS::Partition",
                },
                ":iam::aws:policy/service-role/AWSLambdaBasicExecutionRole",
              ],
            ],
          },
        ],
      },
      "Type": "AWS::IAM::Role",
    },
    "GpMetadataHandlerServiceRoleDefaultPolicyD81D593B": Object {
      "Properties": Object {
        "PolicyDocument": Object {
          "Statement": Array [
            Object {
              "Action": Array [
                "dynamodb:BatchGetItem",
                "dynamodb:GetRecords",
                "dynamodb:GetShardIterator",
                "dynamodb:Query",
                "dynamodb:GetItem",
                "dynamodb:Scan",
                "dynamodb:ConditionCheckItem",
              ],
              "Effect": "Allow",
              "Resource": Array [
                Object {
                  "Fn::GetAtt": Array [
                    "GpTasksTable2F8F158E",
                    "Arn",
                  ],
                },
                Object {
                  "Ref": "AWS::NoValue",
                },
              ],
            },
          ],
          "Version": "2012-10-17",
        },
        "PolicyName": "GpMetadataHandlerServiceRoleDefaultPolicyD81D593B",
        "Roles": Array [
          Object {
            "Ref": "GpMetadataHandlerServiceRole7107682D",
          },
        ],
      },
      "Type": "AWS::IAM::Policy",
    },
    "GpPublicBucket989E1AE8": Object {
      "DeletionPolicy": "Delete",
      "Properties": Object {
        "BucketName": "gp-client-only-public",
        "CorsConfiguration": Object {
          "CorsRules": Array [
            Object {
              "AllowedHeaders": Array [
                "*",
              ],
              "AllowedMethods": Array [
                "HEAD",
                "GET",
              ],
              "AllowedOrigins": Array [
                "*",
              ],
              "Id": "cors-rule",
              "MaxAge": 3600,
            },
          ],
        },
      },
      "Type": "AWS::S3::Bucket",
      "UpdateReplacePolicy": "Delete",
    },
    "GpPublicBucketPolicyAAA4C049": Object {
      "Properties": Object {
        "Bucket": Object {
          "Ref": "GpPublicBucket989E1AE8",
        },
        "PolicyDocument": Object {
          "Statement": Array [
            Object {
              "Action": "s3:GetObject",
              "Effect": "Allow",
              "Principal": "*",
              "Resource": Object {
                "Fn::Join": Array [
                  "",
                  Array [
                    Object {
                      "Fn::GetAtt": Array [
                        "GpPublicBucket989E1AE8",
                        "Arn",
                      ],
                    },
                    "/*",
                  ],
                ],
              },
            },
          ],
          "Version": "2012-10-17",
        },
      },
      "Type": "AWS::S3::BucketPolicy",
    },
    "GpRestApi3C403820": Object {
      "Properties": Object {
        "Description": "Serves API requests for client-only.",
        "Name": "gp-client-only",
      },
      "Type": "AWS::ApiGateway::RestApi",
    },
    "GpRestApiAccountFCFC4532": Object {
      "DependsOn": Array [
        "GpRestApi3C403820",
      ],
      "Properties": Object {
        "CloudWatchRoleArn": Object {
          "Fn::GetAtt": Array [
            "GpRestApiCloudWatchRole263212C0",
            "Arn",
          ],
        },
      },
      "Type": "AWS::ApiGateway::Account",
    },
    "GpRestApiCloudWatchRole263212C0": Object {
      "Properties": Object {
        "AssumeRolePolicyDocument": Object {
          "Statement": Array [
            Object {
              "Action": "sts:AssumeRole",
              "Effect": "Allow",
              "Principal": Object {
                "Service": "apigateway.amazonaws.com",
              },
            },
          ],
          "Version": "2012-10-17",
        },
        "ManagedPolicyArns": Array [
          Object {
            "Fn::Join": Array [
              "",
              Array [
                "arn:",
                Object {
                  "Ref": "AWS::Partition",
                },
                ":iam::aws:policy/service-role/AmazonAPIGatewayPushToCloudWatchLogs",
              ],
            ],
          },
        ],
      },
      "Type": "AWS::IAM::Role",
    },
    "GpRestApiDeployment8BC1361Aa9357dfcd8e7e53bf2847fc33059c5dc": Object {
      "DependsOn": Array [
        "GpRestApiGET037A17F9",
        "GpRestApiOPTIONS0D97A1CF",
      ],
      "Properties": Object {
        "Description": "Automatically created by the RestApi construct",
        "RestApiId": Object {
          "Ref": "GpRestApi3C403820",
        },
      },
      "Type": "AWS::ApiGateway::Deployment",
    },
    "GpRestApiDeploymentStageprodFDC6A6D1": Object {
      "Properties": Object {
        "DeploymentId": Object {
          "Ref": "GpRestApiDeployment8BC1361Aa9357dfcd8e7e53bf2847fc33059c5dc",
        },
        "MethodSettings": Array [
          Object {
            "HttpMethod": "*",
            "ResourcePath": "/*",
            "ThrottlingBurstLimit": 20,
            "ThrottlingRateLimit": 40,
          },
        ],
        "RestApiId": Object {
          "Ref": "GpRestApi3C403820",
        },
        "StageName": "prod",
      },
      "Type": "AWS::ApiGateway::Stage",
    },
    "GpRestApiGET037A17F9": Object {
      "Properties": Object {
        "AuthorizationType": "NONE",
        "HttpMethod": "GET",
        "Integration": Object {
          "IntegrationHttpMethod": "POST",
          "RequestTemplates": Object {
            "application/json": "{ \\"statusCode\\": \\"200\\" }",
          },
          "Type": "AWS_PROXY",
          "Uri": Object {
            "Fn::Join": Array [
              "",
              Array [
                "arn:",
                Object {
                  "Ref": "AWS::Partition",
                },
                ":apigateway:us-west-1:lambda:path/2015-03-31/functions/",
                Object {
                  "Fn::GetAtt": Array [
                    "GpMetadataHandler5D0745A7",
                    "Arn",
                  ],
                },
                "/invocations",
              ],
            ],
          },
        },
        "ResourceId": Object {
          "Fn::GetAtt": Array [
            "GpRestApi3C403820",
            "RootResourceId",
          ],
        },
        "RestApiId": Object {
          "Ref": "GpRestApi3C403820",
        },
      },
      "Type": "AWS::ApiGateway::Method",
    },
    "GpRestApiGETApiPermissionTestclientonlyGpRestApiE3E7A618GET8A7F89B0": Object {
      "Properties": Object {
        "Action": "lambda:InvokeFunction",
        "FunctionName": Object {
          "Fn::GetAtt": Array [
            "GpMetadataHandler5D0745A7",
            "Arn",
          ],
        },
        "Principal": "apigateway.amazonaws.com",
        "SourceArn": Object {
          "Fn::Join": Array [
            "",
            Array [
              "arn:",
              Object {
                "Ref": "AWS::Partition",
              },
              ":execute-api:us-west-1:",
              Object {
                "Ref": "AWS::AccountId",
              },
              ":",
              Object {
                "Ref": "GpRestApi3C403820",
              },
              "/test-invoke-stage/GET/",
            ],
          ],
        },
      },
      "Type": "AWS::Lambda::Permission",
    },
    "GpRestApiGETApiPermissionclientonlyGpRestApiE3E7A618GET70DF4DCE": Object {
      "Properties": Object {
        "Action": "lambda:InvokeFunction",
        "FunctionName": Object {
          "Fn::GetAtt": Array [
            "GpMetadataHandler5D0745A7",
            "Arn",
          ],
        },
        "Principal": "apigateway.amazonaws.com",
        "SourceArn": Object {
          "Fn::Join": Array [
            "",
            Array [
              "arn:",
              Object {
                "Ref": "AWS::Partition",
              },
              ":execute-api:us-west-1:",
              Object {
                "Ref": "AWS::AccountId",
              },
              ":",
              Object {
                "Ref": "GpRestApi3C403820",
              },
              "/",
              Object {
                "Ref": "GpRestApiDeploymentStageprodFDC6A6D1",
              },
              "/GET/",
            ],
          ],
        },
      },
      "Type": "AWS::Lambda::Permission",
    },
    "GpRestApiOPTIONS0D97A1CF": Object {
      "Properties": Object {
        "AuthorizationType": "NONE",
        "HttpMethod": "OPTIONS",
        "Integration": Object {
          "IntegrationResponses": Array [
            Object {
              "ResponseParameters": Object {
                "method.response.header.Access-Control-Allow-Headers": "'Content-Type,X-Amz-Date,Authorization,X-Api-Key,X-Amz-Security-Token,X-Amz-User-Agent'",
                "method.response.header.Access-Control-Allow-Methods": "'OPTIONS,GET,PUT,POST,DELETE,PATCH,HEAD'",
                "method.response.header.Access-Control-Allow-Origin": "'*'",
              },
              "StatusCode": "204",
            },
          ],
          "RequestTemplates": Object {
            "application/json": "{ statusCode: 200 }",
          },
          "Type": "MOCK",
        },
        "MethodResponses": Array [
          Object {
            "ResponseParameters": Object {
              "method.response.header.Access-Control-Allow-Headers": true,
              "method.response.header.Access-Control-Allow-Methods": true,
              "method.response.header.Access-Control-Allow-Origin": true,
            },
            "StatusCode": "204",
          },
        ],
        "ResourceId": Object {
          "Fn::GetAtt": Array [
            "GpRestApi3C403820",
            "RootResourceId",
          ],
        },
        "RestApiId": Object {
          "Ref": "GpRestApi3C403820",
        },
      },
      "Type": "AWS::ApiGateway::Method",
    },
    "GpTasksTable2F8F158E": Object {
      "DeletionPolicy": "Delete",
      "Properties": Object {
        "AttributeDefinitions": Array [
          Object {
            "AttributeName": "id",
            "AttributeType": "S",
          },
          Object {
            "AttributeName": "service",
            "AttributeType": "S",
          },
        ],
        "BillingMode": "PAY_PER_REQUEST",
        "KeySchema": Array [
          Object {
            "AttributeName": "id",
            "KeyType": "HASH",
          },
          Object {
            "AttributeName": "service",
            "KeyType": "RANGE",
          },
        ],
        "TableName": "gp-client-only-tasks",
      },
      "Type": "AWS::DynamoDB::Table",
      "UpdateReplacePolicy": "Delete",
    },
  },
}
`;
