// Jest Snapshot v1, https://goo.gl/fbAQLP

exports[`GeoprocessingStack - preprocessor only should create a valid stack 1`] = `
Object {
  "Outputs": Object {
    "GpRestApiEndpointBF901973": Object {
      "Value": Object {
        "Fn::Join": Array [
          "",
          Array [
            "https://",
            Object {
              "Ref": "GpRestApi3C403820",
            },
            ".execute-api.us-west-1.",
            Object {
              "Ref": "AWS::URLSuffix",
            },
            "/",
            Object {
              "Ref": "GpRestApiDeploymentStageprodFDC6A6D1",
            },
            "/",
          ],
        ],
      },
    },
  },
  "Parameters": Object {
    "AssetParameters1ebc9d3ac2033816c4abb63e4afd69d350b4aba8704cc9236b82ea520b74f4b0ArtifactHash4A934180": Object {
      "Description": "Artifact hash for asset \\"1ebc9d3ac2033816c4abb63e4afd69d350b4aba8704cc9236b82ea520b74f4b0\\"",
      "Type": "String",
    },
    "AssetParameters1ebc9d3ac2033816c4abb63e4afd69d350b4aba8704cc9236b82ea520b74f4b0S3Bucket5EA66AEF": Object {
      "Description": "S3 bucket for asset \\"1ebc9d3ac2033816c4abb63e4afd69d350b4aba8704cc9236b82ea520b74f4b0\\"",
      "Type": "String",
    },
    "AssetParameters1ebc9d3ac2033816c4abb63e4afd69d350b4aba8704cc9236b82ea520b74f4b0S3VersionKeyD171B821": Object {
      "Description": "S3 key for asset version \\"1ebc9d3ac2033816c4abb63e4afd69d350b4aba8704cc9236b82ea520b74f4b0\\"",
      "Type": "String",
    },
  },
  "Resources": Object {
    "GpEstimatesTableBB595885": Object {
      "DeletionPolicy": "Delete",
      "Properties": Object {
        "AttributeDefinitions": Array [
          Object {
            "AttributeName": "service",
            "AttributeType": "S",
          },
        ],
        "BillingMode": "PAY_PER_REQUEST",
        "KeySchema": Array [
          Object {
            "AttributeName": "service",
            "KeyType": "HASH",
          },
        ],
        "TableName": "gp-preprocessor-only-estimates",
      },
      "Type": "AWS::DynamoDB::Table",
      "UpdateReplacePolicy": "Delete",
    },
    "GpMetadataHandler5D0745A7": Object {
      "DependsOn": Array [
        "GpMetadataHandlerServiceRoleDefaultPolicyD81D593B",
        "GpMetadataHandlerServiceRole7107682D",
      ],
      "Properties": Object {
        "Code": Object {
          "S3Bucket": Object {
            "Ref": "AssetParameters1ebc9d3ac2033816c4abb63e4afd69d350b4aba8704cc9236b82ea520b74f4b0S3Bucket5EA66AEF",
          },
          "S3Key": Object {
            "Fn::Join": Array [
              "",
              Array [
                Object {
                  "Fn::Select": Array [
                    0,
                    Object {
                      "Fn::Split": Array [
                        "||",
                        Object {
                          "Ref": "AssetParameters1ebc9d3ac2033816c4abb63e4afd69d350b4aba8704cc9236b82ea520b74f4b0S3VersionKeyD171B821",
                        },
                      ],
                    },
                  ],
                },
                Object {
                  "Fn::Select": Array [
                    1,
                    Object {
                      "Fn::Split": Array [
                        "||",
                        Object {
                          "Ref": "AssetParameters1ebc9d3ac2033816c4abb63e4afd69d350b4aba8704cc9236b82ea520b74f4b0S3VersionKeyD171B821",
                        },
                      ],
                    },
                  ],
                },
              ],
            ],
          },
        },
        "FunctionName": "gp-preprocessor-only-metadata",
        "Handler": "serviceHandlers.projectMetadata",
        "Role": Object {
          "Fn::GetAtt": Array [
            "GpMetadataHandlerServiceRole7107682D",
            "Arn",
          ],
        },
        "Runtime": "nodejs14.x",
      },
      "Type": "AWS::Lambda::Function",
    },
    "GpMetadataHandlerServiceRole7107682D": Object {
      "Properties": Object {
        "AssumeRolePolicyDocument": Object {
          "Statement": Array [
            Object {
              "Action": "sts:AssumeRole",
              "Effect": "Allow",
              "Principal": Object {
                "Service": "lambda.amazonaws.com",
              },
            },
          ],
          "Version": "2012-10-17",
        },
        "ManagedPolicyArns": Array [
          Object {
            "Fn::Join": Array [
              "",
              Array [
                "arn:",
                Object {
                  "Ref": "AWS::Partition",
                },
                ":iam::aws:policy/service-role/AWSLambdaBasicExecutionRole",
              ],
            ],
          },
        ],
      },
      "Type": "AWS::IAM::Role",
    },
    "GpMetadataHandlerServiceRoleDefaultPolicyD81D593B": Object {
      "Properties": Object {
        "PolicyDocument": Object {
          "Statement": Array [
            Object {
              "Action": Array [
                "dynamodb:BatchGetItem",
                "dynamodb:GetRecords",
                "dynamodb:GetShardIterator",
                "dynamodb:Query",
                "dynamodb:GetItem",
                "dynamodb:Scan",
                "dynamodb:ConditionCheckItem",
              ],
              "Effect": "Allow",
              "Resource": Array [
                Object {
                  "Fn::GetAtt": Array [
                    "GpTasksTable2F8F158E",
                    "Arn",
                  ],
                },
                Object {
                  "Ref": "AWS::NoValue",
                },
              ],
            },
          ],
          "Version": "2012-10-17",
        },
        "PolicyName": "GpMetadataHandlerServiceRoleDefaultPolicyD81D593B",
        "Roles": Array [
          Object {
            "Ref": "GpMetadataHandlerServiceRole7107682D",
          },
        ],
      },
      "Type": "AWS::IAM::Policy",
    },
    "GpPublicBucket989E1AE8": Object {
      "DeletionPolicy": "Delete",
      "Properties": Object {
        "BucketName": "gp-preprocessor-only-public",
        "CorsConfiguration": Object {
          "CorsRules": Array [
            Object {
              "AllowedHeaders": Array [
                "*",
              ],
              "AllowedMethods": Array [
                "HEAD",
                "GET",
              ],
              "AllowedOrigins": Array [
                "*",
              ],
              "Id": "cors-rule",
              "MaxAge": 3600,
            },
          ],
        },
      },
      "Type": "AWS::S3::Bucket",
      "UpdateReplacePolicy": "Delete",
    },
    "GpPublicBucketPolicyAAA4C049": Object {
      "Properties": Object {
        "Bucket": Object {
          "Ref": "GpPublicBucket989E1AE8",
        },
        "PolicyDocument": Object {
          "Statement": Array [
            Object {
              "Action": "s3:GetObject",
              "Effect": "Allow",
              "Principal": "*",
              "Resource": Object {
                "Fn::Join": Array [
                  "",
                  Array [
                    Object {
                      "Fn::GetAtt": Array [
                        "GpPublicBucket989E1AE8",
                        "Arn",
                      ],
                    },
                    "/*",
                  ],
                ],
              },
            },
          ],
          "Version": "2012-10-17",
        },
      },
      "Type": "AWS::S3::BucketPolicy",
    },
    "GpRestApi3C403820": Object {
      "Properties": Object {
        "Description": "Serves API requests for preprocessor-only.",
        "Name": "gp-preprocessor-only",
      },
      "Type": "AWS::ApiGateway::RestApi",
    },
    "GpRestApiAccountFCFC4532": Object {
      "DependsOn": Array [
        "GpRestApi3C403820",
      ],
      "Properties": Object {
        "CloudWatchRoleArn": Object {
          "Fn::GetAtt": Array [
            "GpRestApiCloudWatchRole263212C0",
            "Arn",
          ],
        },
      },
      "Type": "AWS::ApiGateway::Account",
    },
    "GpRestApiCloudWatchRole263212C0": Object {
      "Properties": Object {
        "AssumeRolePolicyDocument": Object {
          "Statement": Array [
            Object {
              "Action": "sts:AssumeRole",
              "Effect": "Allow",
              "Principal": Object {
                "Service": "apigateway.amazonaws.com",
              },
            },
          ],
          "Version": "2012-10-17",
        },
        "ManagedPolicyArns": Array [
          Object {
            "Fn::Join": Array [
              "",
              Array [
                "arn:",
                Object {
                  "Ref": "AWS::Partition",
                },
                ":iam::aws:policy/service-role/AmazonAPIGatewayPushToCloudWatchLogs",
              ],
            ],
          },
        ],
      },
      "Type": "AWS::IAM::Role",
    },
    "GpRestApiDeployment8BC1361A943afee03ab55d222c9364f9f3ba901d": Object {
      "DependsOn": Array [
        "GpRestApiGET037A17F9",
        "GpRestApiOPTIONS0D97A1CF",
        "GpRestApitestPreprocessorOPTIONSF3E96077",
        "GpRestApitestPreprocessorPOST8DD6678F",
        "GpRestApitestPreprocessor47A725A2",
      ],
      "Properties": Object {
        "Description": "Automatically created by the RestApi construct",
        "RestApiId": Object {
          "Ref": "GpRestApi3C403820",
        },
      },
      "Type": "AWS::ApiGateway::Deployment",
    },
    "GpRestApiDeploymentStageprodFDC6A6D1": Object {
      "Properties": Object {
        "DeploymentId": Object {
          "Ref": "GpRestApiDeployment8BC1361A943afee03ab55d222c9364f9f3ba901d",
        },
        "MethodSettings": Array [
          Object {
            "HttpMethod": "*",
            "ResourcePath": "/*",
            "ThrottlingBurstLimit": 20,
            "ThrottlingRateLimit": 40,
          },
        ],
        "RestApiId": Object {
          "Ref": "GpRestApi3C403820",
        },
        "StageName": "prod",
      },
      "Type": "AWS::ApiGateway::Stage",
    },
    "GpRestApiGET037A17F9": Object {
      "Properties": Object {
        "AuthorizationType": "NONE",
        "HttpMethod": "GET",
        "Integration": Object {
          "IntegrationHttpMethod": "POST",
          "RequestTemplates": Object {
            "application/json": "{ \\"statusCode\\": \\"200\\" }",
          },
          "Type": "AWS_PROXY",
          "Uri": Object {
            "Fn::Join": Array [
              "",
              Array [
                "arn:",
                Object {
                  "Ref": "AWS::Partition",
                },
                ":apigateway:us-west-1:lambda:path/2015-03-31/functions/",
                Object {
                  "Fn::GetAtt": Array [
                    "GpMetadataHandler5D0745A7",
                    "Arn",
                  ],
                },
                "/invocations",
              ],
            ],
          },
        },
        "ResourceId": Object {
          "Fn::GetAtt": Array [
            "GpRestApi3C403820",
            "RootResourceId",
          ],
        },
        "RestApiId": Object {
          "Ref": "GpRestApi3C403820",
        },
      },
      "Type": "AWS::ApiGateway::Method",
    },
    "GpRestApiGETApiPermissionTestpreprocessoronlyGpRestApiBC18A662GETB34551A4": Object {
      "Properties": Object {
        "Action": "lambda:InvokeFunction",
        "FunctionName": Object {
          "Fn::GetAtt": Array [
            "GpMetadataHandler5D0745A7",
            "Arn",
          ],
        },
        "Principal": "apigateway.amazonaws.com",
        "SourceArn": Object {
          "Fn::Join": Array [
            "",
            Array [
              "arn:",
              Object {
                "Ref": "AWS::Partition",
              },
              ":execute-api:us-west-1:",
              Object {
                "Ref": "AWS::AccountId",
              },
              ":",
              Object {
                "Ref": "GpRestApi3C403820",
              },
              "/test-invoke-stage/GET/",
            ],
          ],
        },
      },
      "Type": "AWS::Lambda::Permission",
    },
    "GpRestApiGETApiPermissionpreprocessoronlyGpRestApiBC18A662GET7D17E368": Object {
      "Properties": Object {
        "Action": "lambda:InvokeFunction",
        "FunctionName": Object {
          "Fn::GetAtt": Array [
            "GpMetadataHandler5D0745A7",
            "Arn",
          ],
        },
        "Principal": "apigateway.amazonaws.com",
        "SourceArn": Object {
          "Fn::Join": Array [
            "",
            Array [
              "arn:",
              Object {
                "Ref": "AWS::Partition",
              },
              ":execute-api:us-west-1:",
              Object {
                "Ref": "AWS::AccountId",
              },
              ":",
              Object {
                "Ref": "GpRestApi3C403820",
              },
              "/",
              Object {
                "Ref": "GpRestApiDeploymentStageprodFDC6A6D1",
              },
              "/GET/",
            ],
          ],
        },
      },
      "Type": "AWS::Lambda::Permission",
    },
    "GpRestApiOPTIONS0D97A1CF": Object {
      "Properties": Object {
        "AuthorizationType": "NONE",
        "HttpMethod": "OPTIONS",
        "Integration": Object {
          "IntegrationResponses": Array [
            Object {
              "ResponseParameters": Object {
                "method.response.header.Access-Control-Allow-Headers": "'Content-Type,X-Amz-Date,Authorization,X-Api-Key,X-Amz-Security-Token,X-Amz-User-Agent'",
                "method.response.header.Access-Control-Allow-Methods": "'OPTIONS,GET,PUT,POST,DELETE,PATCH,HEAD'",
                "method.response.header.Access-Control-Allow-Origin": "'*'",
              },
              "StatusCode": "204",
            },
          ],
          "RequestTemplates": Object {
            "application/json": "{ statusCode: 200 }",
          },
          "Type": "MOCK",
        },
        "MethodResponses": Array [
          Object {
            "ResponseParameters": Object {
              "method.response.header.Access-Control-Allow-Headers": true,
              "method.response.header.Access-Control-Allow-Methods": true,
              "method.response.header.Access-Control-Allow-Origin": true,
            },
            "StatusCode": "204",
          },
        ],
        "ResourceId": Object {
          "Fn::GetAtt": Array [
            "GpRestApi3C403820",
            "RootResourceId",
          ],
        },
        "RestApiId": Object {
          "Ref": "GpRestApi3C403820",
        },
      },
      "Type": "AWS::ApiGateway::Method",
    },
    "GpRestApitestPreprocessor47A725A2": Object {
      "Properties": Object {
        "ParentId": Object {
          "Fn::GetAtt": Array [
            "GpRestApi3C403820",
            "RootResourceId",
          ],
        },
        "PathPart": "testPreprocessor",
        "RestApiId": Object {
          "Ref": "GpRestApi3C403820",
        },
      },
      "Type": "AWS::ApiGateway::Resource",
    },
    "GpRestApitestPreprocessorOPTIONSF3E96077": Object {
      "Properties": Object {
        "AuthorizationType": "NONE",
        "HttpMethod": "OPTIONS",
        "Integration": Object {
          "IntegrationResponses": Array [
            Object {
              "ResponseParameters": Object {
                "method.response.header.Access-Control-Allow-Headers": "'Content-Type,X-Amz-Date,Authorization,X-Api-Key,X-Amz-Security-Token,X-Amz-User-Agent'",
                "method.response.header.Access-Control-Allow-Methods": "'OPTIONS,GET,PUT,POST,DELETE,PATCH,HEAD'",
                "method.response.header.Access-Control-Allow-Origin": "'*'",
              },
              "StatusCode": "204",
            },
          ],
          "RequestTemplates": Object {
            "application/json": "{ statusCode: 200 }",
          },
          "Type": "MOCK",
        },
        "MethodResponses": Array [
          Object {
            "ResponseParameters": Object {
              "method.response.header.Access-Control-Allow-Headers": true,
              "method.response.header.Access-Control-Allow-Methods": true,
              "method.response.header.Access-Control-Allow-Origin": true,
            },
            "StatusCode": "204",
          },
        ],
        "ResourceId": Object {
          "Ref": "GpRestApitestPreprocessor47A725A2",
        },
        "RestApiId": Object {
          "Ref": "GpRestApi3C403820",
        },
      },
      "Type": "AWS::ApiGateway::Method",
    },
    "GpRestApitestPreprocessorPOST8DD6678F": Object {
      "Properties": Object {
        "AuthorizationType": "NONE",
        "HttpMethod": "POST",
        "Integration": Object {
          "IntegrationHttpMethod": "POST",
          "RequestTemplates": Object {
            "application/json": "{ \\"statusCode\\": \\"200\\" }",
          },
          "Type": "AWS_PROXY",
          "Uri": Object {
            "Fn::Join": Array [
              "",
              Array [
                "arn:",
                Object {
                  "Ref": "AWS::Partition",
                },
                ":apigateway:us-west-1:lambda:path/2015-03-31/functions/",
                Object {
                  "Fn::GetAtt": Array [
                    "GpSyncHandlertestPreprocessorEC6E6881",
                    "Arn",
                  ],
                },
                "/invocations",
              ],
            ],
          },
        },
        "ResourceId": Object {
          "Ref": "GpRestApitestPreprocessor47A725A2",
        },
        "RestApiId": Object {
          "Ref": "GpRestApi3C403820",
        },
      },
      "Type": "AWS::ApiGateway::Method",
    },
    "GpRestApitestPreprocessorPOSTApiPermissionTestpreprocessoronlyGpRestApiBC18A662POSTtestPreprocessorE21372D4": Object {
      "Properties": Object {
        "Action": "lambda:InvokeFunction",
        "FunctionName": Object {
          "Fn::GetAtt": Array [
            "GpSyncHandlertestPreprocessorEC6E6881",
            "Arn",
          ],
        },
        "Principal": "apigateway.amazonaws.com",
        "SourceArn": Object {
          "Fn::Join": Array [
            "",
            Array [
              "arn:",
              Object {
                "Ref": "AWS::Partition",
              },
              ":execute-api:us-west-1:",
              Object {
                "Ref": "AWS::AccountId",
              },
              ":",
              Object {
                "Ref": "GpRestApi3C403820",
              },
              "/test-invoke-stage/POST/testPreprocessor",
            ],
          ],
        },
      },
      "Type": "AWS::Lambda::Permission",
    },
    "GpRestApitestPreprocessorPOSTApiPermissionpreprocessoronlyGpRestApiBC18A662POSTtestPreprocessor8F7B916D": Object {
      "Properties": Object {
        "Action": "lambda:InvokeFunction",
        "FunctionName": Object {
          "Fn::GetAtt": Array [
            "GpSyncHandlertestPreprocessorEC6E6881",
            "Arn",
          ],
        },
        "Principal": "apigateway.amazonaws.com",
        "SourceArn": Object {
          "Fn::Join": Array [
            "",
            Array [
              "arn:",
              Object {
                "Ref": "AWS::Partition",
              },
              ":execute-api:us-west-1:",
              Object {
                "Ref": "AWS::AccountId",
              },
              ":",
              Object {
                "Ref": "GpRestApi3C403820",
              },
              "/",
              Object {
                "Ref": "GpRestApiDeploymentStageprodFDC6A6D1",
              },
              "/POST/testPreprocessor",
            ],
          ],
        },
      },
      "Type": "AWS::Lambda::Permission",
    },
    "GpSyncHandlertestPreprocessorEC6E6881": Object {
      "DependsOn": Array [
        "GpSyncHandlertestPreprocessorServiceRole0D8ABBC3",
      ],
      "Properties": Object {
        "Code": Object {
          "S3Bucket": Object {
            "Ref": "AssetParameters1ebc9d3ac2033816c4abb63e4afd69d350b4aba8704cc9236b82ea520b74f4b0S3Bucket5EA66AEF",
          },
          "S3Key": Object {
            "Fn::Join": Array [
              "",
              Array [
                Object {
                  "Fn::Select": Array [
                    0,
                    Object {
                      "Fn::Split": Array [
                        "||",
                        Object {
                          "Ref": "AssetParameters1ebc9d3ac2033816c4abb63e4afd69d350b4aba8704cc9236b82ea520b74f4b0S3VersionKeyD171B821",
                        },
                      ],
                    },
                  ],
                },
                Object {
                  "Fn::Select": Array [
                    1,
                    Object {
                      "Fn::Split": Array [
                        "||",
                        Object {
                          "Ref": "AssetParameters1ebc9d3ac2033816c4abb63e4afd69d350b4aba8704cc9236b82ea520b74f4b0S3VersionKeyD171B821",
                        },
                      ],
                    },
                  ],
                },
              ],
            ],
          },
        },
        "Description": "",
        "Environment": Object {
          "Variables": Object {
            "ESTIMATES_TABLE": Object {
              "Ref": "GpEstimatesTableBB595885",
            },
            "TASKS_TABLE": Object {
              "Ref": "GpTasksTable2F8F158E",
            },
            "publicBucketUrl": Object {
              "Fn::Join": Array [
                "",
                Array [
                  "https://s3.us-west-1.",
                  Object {
                    "Ref": "AWS::URLSuffix",
                  },
                  "/",
                  Object {
                    "Ref": "GpPublicBucket989E1AE8",
                  },
                ],
              ],
            },
          },
        },
        "FunctionName": "gp-preprocessor-only-sync-testPreprocessor",
        "Handler": "testPreprocessor.ts.handler",
        "MemorySize": 256,
        "Role": Object {
          "Fn::GetAtt": Array [
            "GpSyncHandlertestPreprocessorServiceRole0D8ABBC3",
            "Arn",
          ],
        },
        "Runtime": "nodejs14.x",
        "Timeout": 1,
      },
      "Type": "AWS::Lambda::Function",
    },
    "GpSyncHandlertestPreprocessorServiceRole0D8ABBC3": Object {
      "Properties": Object {
        "AssumeRolePolicyDocument": Object {
          "Statement": Array [
            Object {
              "Action": "sts:AssumeRole",
              "Effect": "Allow",
              "Principal": Object {
                "Service": "lambda.amazonaws.com",
              },
            },
          ],
          "Version": "2012-10-17",
        },
        "ManagedPolicyArns": Array [
          Object {
            "Fn::Join": Array [
              "",
              Array [
                "arn:",
                Object {
                  "Ref": "AWS::Partition",
                },
                ":iam::aws:policy/service-role/AWSLambdaBasicExecutionRole",
              ],
            ],
          },
        ],
      },
      "Type": "AWS::IAM::Role",
    },
    "GpTasksTable2F8F158E": Object {
      "DeletionPolicy": "Delete",
      "Properties": Object {
        "AttributeDefinitions": Array [
          Object {
            "AttributeName": "id",
            "AttributeType": "S",
          },
          Object {
            "AttributeName": "service",
            "AttributeType": "S",
          },
        ],
        "BillingMode": "PAY_PER_REQUEST",
        "KeySchema": Array [
          Object {
            "AttributeName": "id",
            "KeyType": "HASH",
          },
          Object {
            "AttributeName": "service",
            "KeyType": "RANGE",
          },
        ],
        "TableName": "gp-preprocessor-only-tasks",
      },
      "Type": "AWS::DynamoDB::Table",
      "UpdateReplacePolicy": "Delete",
    },
  },
}
`;
